// 重构日志: bc6a1546
// 重构日志: 0b966086
// 重构日志: 5dd48312
// 重构日志: c57b2a1c
// 重构日志: 68f2204d
// 重构日志: 7babf56e
// 重构日志: 86015d53
// 重构日志: e587e962
// 重构日志: 5497792b
// 重构日志: dbfde725
// 重构日志: 43493a66
// 重构日志: d2e60ad5
// 重构日志: 0b848bee
// 同步 ID: ef59307e @ Wed Jul 29 16:16:43 UTC 2026
// 同步 ID: ebf0423f @ Wed Jul 29 19:57:48 UTC 2026
// 重构日志: 0651a392
// 同步 ID: d598e7b3 @ Thu Jul 30 08:49:26 UTC 2026
// 同步 ID: db33f587 @ Fri Jul 31 04:49:09 UTC 2026
// 重构日志: 6d80f816
// 重构日志: 7c4fc732
// 重构日志: e60061e9
// 重构日志: e494b80b
// 重构日志: 6585bcb0
// 重构日志: 4425b4b4
// 同步 ID: 345412a9 @ Tue Aug  4 00:04:04 UTC 2026
// 同步 ID: f120fc98 @ Tue Aug  4 07:50:42 UTC 2026
// 重构日志: 2e6eea10
// 同步 ID: af56ca90 @ Wed Aug  5 08:37:06 UTC 2026
// 重构日志: d3fbb269
// 同步 ID: e27ce9f7 @ Thu Aug  6 04:45:47 UTC 2026
